2024-12-17 10:26:57.958 +08:00 [INF] User profile is available. Using '/Users/zhengtianxiang/.aspnet/DataProtection-Keys' as key repository; keys will not be encrypted at rest.
2024-12-17 10:26:58.308 +08:00 [INF] Now listening on: https://localhost:5001
2024-12-17 10:26:58.308 +08:00 [INF] Now listening on: http://localhost:5000
2024-12-17 10:26:58.311 +08:00 [INF] Application started. Press Ctrl+C to shut down.
2024-12-17 10:26:58.311 +08:00 [INF] Hosting environment: Development
2024-12-17 10:26:58.311 +08:00 [INF] Content root path: /Users/zhengtianxiang/Documents/Study/Tech/dotnet/project/study-English/IdentityService.WebAPI
2024-12-17 10:26:58.621 +08:00 [INF] Request starting HTTP/2 GET https://localhost:5001/swagger - null null
2024-12-17 10:26:58.641 +08:00 [INF] Request finished HTTP/2 GET https://localhost:5001/swagger - 301 0 null 20.1141ms
2024-12-17 10:26:58.643 +08:00 [INF] Request starting HTTP/2 GET https://localhost:5001/swagger/index.html - null null
2024-12-17 10:26:58.712 +08:00 [INF] Request finished HTTP/2 GET https://localhost:5001/swagger/index.html - 200 null text/html;charset=utf-8 68.6164ms
2024-12-17 10:26:58.717 +08:00 [INF] Request starting HTTP/2 GET https://localhost:5001/swagger/swagger-ui-bundle.js - null null
2024-12-17 10:26:58.717 +08:00 [INF] Request starting HTTP/2 GET https://localhost:5001/swagger/swagger-ui.css - null null
2024-12-17 10:26:58.718 +08:00 [INF] Request starting HTTP/2 GET https://localhost:5001/swagger/swagger-ui-standalone-preset.js - null null
2024-12-17 10:26:58.734 +08:00 [INF] Sending file. Request path: '/swagger-ui.css'. Physical path: 'N/A'
2024-12-17 10:26:58.735 +08:00 [INF] Sending file. Request path: '/swagger-ui-standalone-preset.js'. Physical path: 'N/A'
2024-12-17 10:26:58.735 +08:00 [INF] Request finished HTTP/2 GET https://localhost:5001/swagger/swagger-ui-standalone-preset.js - 200 337162 text/javascript 17.5053ms
2024-12-17 10:26:58.735 +08:00 [INF] Request finished HTTP/2 GET https://localhost:5001/swagger/swagger-ui.css - 200 143632 text/css 17.3773ms
2024-12-17 10:26:58.736 +08:00 [INF] Sending file. Request path: '/swagger-ui-bundle.js'. Physical path: 'N/A'
2024-12-17 10:26:58.736 +08:00 [INF] Request finished HTTP/2 GET https://localhost:5001/swagger/swagger-ui-bundle.js - 200 1092889 text/javascript 18.963ms
2024-12-17 10:26:58.867 +08:00 [INF] Request starting HTTP/2 GET https://localhost:5001/swagger/v1/swagger.json - null null
2024-12-17 10:26:58.878 +08:00 [INF] Request starting HTTP/2 GET https://localhost:5001/swagger/favicon-32x32.png - null null
2024-12-17 10:26:58.878 +08:00 [INF] Sending file. Request path: '/favicon-32x32.png'. Physical path: 'N/A'
2024-12-17 10:26:58.878 +08:00 [INF] Request finished HTTP/2 GET https://localhost:5001/swagger/favicon-32x32.png - 200 628 image/png 0.5803ms
2024-12-17 10:26:59.057 +08:00 [INF] Request finished HTTP/2 GET https://localhost:5001/swagger/v1/swagger.json - 200 null application/json;charset=utf-8 190.6922ms
2024-12-17 10:29:04.845 +08:00 [INF] Request starting HTTP/2 POST https://localhost:5001/Login/CreateWorld - null 0
2024-12-17 10:29:04.851 +08:00 [INF] CORS policy execution failed.
2024-12-17 10:29:04.852 +08:00 [INF] Request origin https://localhost:5001 does not have permission to access the resource.
2024-12-17 10:29:04.886 +08:00 [INF] Executing endpoint 'IdentityService.WebAPI.Controllers.Login.LoginController.CreateWorld (IdentityService.WebAPI)'
2024-12-17 10:29:04.906 +08:00 [INF] Route matched with {action = "CreateWorld", controller = "Login"}. Executing controller action with signature System.Threading.Tasks.Task`1[Microsoft.AspNetCore.Mvc.ActionResult] CreateWorld() on controller IdentityService.WebAPI.Controllers.Login.LoginController (IdentityService.WebAPI).
2024-12-17 10:29:04.971 +08:00 [INF] Executed action IdentityService.WebAPI.Controllers.Login.LoginController.CreateWorld (IdentityService.WebAPI) in 63.1005ms
2024-12-17 10:29:04.972 +08:00 [INF] Executed endpoint 'IdentityService.WebAPI.Controllers.Login.LoginController.CreateWorld (IdentityService.WebAPI)'
2024-12-17 10:29:04.985 +08:00 [ERR] An unhandled exception has occurred while executing the request.
MySqlConnector.MySqlException (0x80004005): Unable to connect to any of the specified MySQL hosts.
   at MySqlConnector.Core.ServerSession.OpenTcpSocketAsync(ConnectionSettings cs, ILoadBalancer loadBalancer, Activity activity, IOBehavior ioBehavior, CancellationToken cancellationToken) in /_/src/MySqlConnector/Core/ServerSession.cs:line 1063
   at MySqlConnector.Core.ServerSession.ConnectAsync(ConnectionSettings cs, MySqlConnection connection, Int64 startingTimestamp, ILoadBalancer loadBalancer, Activity activity, IOBehavior ioBehavior, CancellationToken cancellationToken) in /_/src/MySqlConnector/Core/ServerSession.cs:line 425
   at MySqlConnector.MySqlConnection.CreateSessionAsync(ConnectionPool pool, Int64 startingTimestamp, Activity activity, Nullable`1 ioBehavior, CancellationToken cancellationToken) in /_/src/MySqlConnector/MySqlConnection.cs:line 932
   at MySqlConnector.MySqlConnection.CreateSessionAsync(ConnectionPool pool, Int64 startingTimestamp, Activity activity, Nullable`1 ioBehavior, CancellationToken cancellationToken) in /_/src/MySqlConnector/MySqlConnection.cs:line 938
   at MySqlConnector.MySqlConnection.OpenAsync(Nullable`1 ioBehavior, CancellationToken cancellationToken) in /_/src/MySqlConnector/MySqlConnection.cs:line 419
   at MySqlConnector.MySqlConnection.Open() in /_/src/MySqlConnector/MySqlConnection.cs:line 381
   at Microsoft.EntityFrameworkCore.ServerVersion.AutoDetect(String connectionString)
   at Program.<>c__DisplayClass0_0.<<Main>$>b__0(DbContextOptionsBuilder options) in /Users/zhengtianxiang/Documents/Study/Tech/dotnet/project/study-English/IdentityService.WebAPI/Program.cs:line 24
   at Microsoft.Extensions.DependencyInjection.EntityFrameworkServiceCollectionExtensions.<>c__DisplayClass1_0`2.<AddDbContext>b__0(IServiceProvider _, DbContextOptionsBuilder b)
   at Microsoft.Extensions.DependencyInjection.EntityFrameworkServiceCollectionExtensions.CreateDbContextOptions[TContext](IServiceProvider applicationServiceProvider, Action`2 optionsAction)
   at Microsoft.Extensions.DependencyInjection.EntityFrameworkServiceCollectionExtensions.<>c__DisplayClass17_0`1.<AddCoreServices>b__0(IServiceProvider p)
   at Microsoft.Extensions.DependencyInjection.ServiceLookup.CallSiteRuntimeResolver.VisitFactory(FactoryCallSite factoryCallSite, RuntimeResolverContext context)
   at Microsoft.Extensions.DependencyInjection.ServiceLookup.CallSiteVisitor`2.VisitCallSiteMain(ServiceCallSite callSite, TArgument argument)
   at Microsoft.Extensions.DependencyInjection.ServiceLookup.CallSiteRuntimeResolver.VisitCache(ServiceCallSite callSite, RuntimeResolverContext context, ServiceProviderEngineScope serviceProviderEngine, RuntimeResolverLock lockType)
   at Microsoft.Extensions.DependencyInjection.ServiceLookup.CallSiteRuntimeResolver.VisitScopeCache(ServiceCallSite callSite, RuntimeResolverContext context)
   at Microsoft.Extensions.DependencyInjection.ServiceLookup.CallSiteVisitor`2.VisitCallSite(ServiceCallSite callSite, TArgument argument)
   at Microsoft.Extensions.DependencyInjection.ServiceLookup.CallSiteRuntimeResolver.VisitConstructor(ConstructorCallSite constructorCallSite, RuntimeResolverContext context)
   at Microsoft.Extensions.DependencyInjection.ServiceLookup.CallSiteVisitor`2.VisitCallSiteMain(ServiceCallSite callSite, TArgument argument)
   at Microsoft.Extensions.DependencyInjection.ServiceLookup.CallSiteRuntimeResolver.VisitCache(ServiceCallSite callSite, RuntimeResolverContext context, ServiceProviderEngineScope serviceProviderEngine, RuntimeResolverLock lockType)
   at Microsoft.Extensions.DependencyInjection.ServiceLookup.CallSiteRuntimeResolver.VisitScopeCache(ServiceCallSite callSite, RuntimeResolverContext context)
   at Microsoft.Extensions.DependencyInjection.ServiceLookup.CallSiteVisitor`2.VisitCallSite(ServiceCallSite callSite, TArgument argument)
   at Microsoft.Extensions.DependencyInjection.ServiceLookup.CallSiteRuntimeResolver.VisitConstructor(ConstructorCallSite constructorCallSite, RuntimeResolverContext context)
   at Microsoft.Extensions.DependencyInjection.ServiceLookup.CallSiteVisitor`2.VisitCallSiteMain(ServiceCallSite callSite, TArgument argument)
   at Microsoft.Extensions.DependencyInjection.ServiceLookup.CallSiteRuntimeResolver.VisitCache(ServiceCallSite callSite, RuntimeResolverContext context, ServiceProviderEngineScope serviceProviderEngine, RuntimeResolverLock lockType)
   at Microsoft.Extensions.DependencyInjection.ServiceLookup.CallSiteRuntimeResolver.VisitScopeCache(ServiceCallSite callSite, RuntimeResolverContext context)
   at Microsoft.Extensions.DependencyInjection.ServiceLookup.CallSiteVisitor`2.VisitCallSite(ServiceCallSite callSite, TArgument argument)
   at Microsoft.Extensions.DependencyInjection.ServiceLookup.CallSiteRuntimeResolver.VisitConstructor(ConstructorCallSite constructorCallSite, RuntimeResolverContext context)
   at Microsoft.Extensions.DependencyInjection.ServiceLookup.CallSiteVisitor`2.VisitCallSiteMain(ServiceCallSite callSite, TArgument argument)
   at Microsoft.Extensions.DependencyInjection.ServiceLookup.CallSiteRuntimeResolver.VisitCache(ServiceCallSite callSite, RuntimeResolverContext context, ServiceProviderEngineScope serviceProviderEngine, RuntimeResolverLock lockType)
   at Microsoft.Extensions.DependencyInjection.ServiceLookup.CallSiteRuntimeResolver.VisitScopeCache(ServiceCallSite callSite, RuntimeResolverContext context)
   at Microsoft.Extensions.DependencyInjection.ServiceLookup.CallSiteVisitor`2.VisitCallSite(ServiceCallSite callSite, TArgument argument)
   at Microsoft.Extensions.DependencyInjection.ServiceLookup.CallSiteRuntimeResolver.Resolve(ServiceCallSite callSite, ServiceProviderEngineScope scope)
   at Microsoft.Extensions.DependencyInjection.ServiceLookup.DynamicServiceProviderEngine.<>c__DisplayClass2_0.<RealizeService>b__0(ServiceProviderEngineScope scope)
   at Microsoft.Extensions.DependencyInjection.ServiceProvider.GetService(ServiceIdentifier serviceIdentifier, ServiceProviderEngineScope serviceProviderEngineScope)
   at Microsoft.Extensions.DependencyInjection.ServiceLookup.ServiceProviderEngineScope.GetService(Type serviceType)
   at Microsoft.Extensions.DependencyInjection.ServiceProviderServiceExtensions.GetRequiredService(IServiceProvider provider, Type serviceType)
   at Microsoft.Extensions.DependencyInjection.ServiceLookup.CallSiteRuntimeResolver.VisitFactory(FactoryCallSite factoryCallSite, RuntimeResolverContext context)
   at Microsoft.Extensions.DependencyInjection.ServiceLookup.CallSiteVisitor`2.VisitCallSiteMain(ServiceCallSite callSite, TArgument argument)
   at Microsoft.Extensions.DependencyInjection.ServiceLookup.CallSiteRuntimeResolver.VisitCache(ServiceCallSite callSite, RuntimeResolverContext context, ServiceProviderEngineScope serviceProviderEngine, RuntimeResolverLock lockType)
   at Microsoft.Extensions.DependencyInjection.ServiceLookup.CallSiteRuntimeResolver.VisitScopeCache(ServiceCallSite callSite, RuntimeResolverContext context)
   at Microsoft.Extensions.DependencyInjection.ServiceLookup.CallSiteVisitor`2.VisitCallSite(ServiceCallSite callSite, TArgument argument)
   at Microsoft.Extensions.DependencyInjection.ServiceLookup.CallSiteRuntimeResolver.VisitConstructor(ConstructorCallSite constructorCallSite, RuntimeResolverContext context)
   at Microsoft.Extensions.DependencyInjection.ServiceLookup.CallSiteVisitor`2.VisitCallSiteMain(ServiceCallSite callSite, TArgument argument)
   at Microsoft.Extensions.DependencyInjection.ServiceLookup.CallSiteRuntimeResolver.VisitCache(ServiceCallSite callSite, RuntimeResolverContext context, ServiceProviderEngineScope serviceProviderEngine, RuntimeResolverLock lockType)
   at Microsoft.Extensions.DependencyInjection.ServiceLookup.CallSiteRuntimeResolver.VisitScopeCache(ServiceCallSite callSite, RuntimeResolverContext context)
   at Microsoft.Extensions.DependencyInjection.ServiceLookup.CallSiteVisitor`2.VisitCallSite(ServiceCallSite callSite, TArgument argument)
   at Microsoft.Extensions.DependencyInjection.ServiceLookup.CallSiteRuntimeResolver.VisitConstructor(ConstructorCallSite constructorCallSite, RuntimeResolverContext context)
   at Microsoft.Extensions.DependencyInjection.ServiceLookup.CallSiteVisitor`2.VisitCallSiteMain(ServiceCallSite callSite, TArgument argument)
   at Microsoft.Extensions.DependencyInjection.ServiceLookup.CallSiteRuntimeResolver.VisitCache(ServiceCallSite callSite, RuntimeResolverContext context, ServiceProviderEngineScope serviceProviderEngine, RuntimeResolverLock lockType)
   at Microsoft.Extensions.DependencyInjection.ServiceLookup.CallSiteRuntimeResolver.VisitScopeCache(ServiceCallSite callSite, RuntimeResolverContext context)
   at Microsoft.Extensions.DependencyInjection.ServiceLookup.CallSiteVisitor`2.VisitCallSite(ServiceCallSite callSite, TArgument argument)
   at Microsoft.Extensions.DependencyInjection.ServiceLookup.CallSiteRuntimeResolver.Resolve(ServiceCallSite callSite, ServiceProviderEngineScope scope)
   at Microsoft.Extensions.DependencyInjection.ServiceLookup.DynamicServiceProviderEngine.<>c__DisplayClass2_0.<RealizeService>b__0(ServiceProviderEngineScope scope)
   at Microsoft.Extensions.DependencyInjection.ServiceProvider.GetService(ServiceIdentifier serviceIdentifier, ServiceProviderEngineScope serviceProviderEngineScope)
   at Microsoft.Extensions.DependencyInjection.ServiceLookup.ServiceProviderEngineScope.GetService(Type serviceType)
   at lambda_method16(Closure, IServiceProvider, Object[])
   at Microsoft.AspNetCore.Mvc.Controllers.ControllerFactoryProvider.<>c__DisplayClass6_0.<CreateControllerFactory>g__CreateController|0(ControllerContext controllerContext)
   at Microsoft.AspNetCore.Mvc.Infrastructure.ControllerActionInvoker.Next(State& next, Scope& scope, Object& state, Boolean& isCompleted)
   at Microsoft.AspNetCore.Mvc.Infrastructure.ControllerActionInvoker.InvokeInnerFilterAsync()
--- End of stack trace from previous location ---
   at Microsoft.AspNetCore.Mvc.Infrastructure.ResourceInvoker.<InvokeFilterPipelineAsync>g__Awaited|20_0(ResourceInvoker invoker, Task lastTask, State next, Scope scope, Object state, Boolean isCompleted)
   at Microsoft.AspNetCore.Mvc.Infrastructure.ResourceInvoker.<InvokeAsync>g__Logged|17_1(ResourceInvoker invoker)
   at Microsoft.AspNetCore.Mvc.Infrastructure.ResourceInvoker.<InvokeAsync>g__Logged|17_1(ResourceInvoker invoker)
   at Microsoft.AspNetCore.Routing.EndpointMiddleware.<Invoke>g__AwaitRequestTask|7_0(Endpoint endpoint, Task requestTask, ILogger logger)
   at Microsoft.AspNetCore.Authorization.AuthorizationMiddleware.Invoke(HttpContext context)
   at Microsoft.AspNetCore.Authentication.AuthenticationMiddleware.Invoke(HttpContext context)
   at Swashbuckle.AspNetCore.SwaggerUI.SwaggerUIMiddleware.Invoke(HttpContext httpContext)
   at Swashbuckle.AspNetCore.Swagger.SwaggerMiddleware.Invoke(HttpContext httpContext, ISwaggerProvider swaggerProvider)
   at Microsoft.AspNetCore.Diagnostics.DeveloperExceptionPageMiddlewareImpl.Invoke(HttpContext context)
2024-12-17 10:29:04.992 +08:00 [INF] Request finished HTTP/2 POST https://localhost:5001/Login/CreateWorld - 500 null text/plain; charset=utf-8 147.581ms
2024-12-17 10:29:49.332 +08:00 [INF] Request starting HTTP/2 POST https://localhost:5001/Login/CreateWorld - null 0
2024-12-17 10:29:49.338 +08:00 [INF] CORS policy execution failed.
2024-12-17 10:29:49.338 +08:00 [INF] Request origin https://localhost:5001 does not have permission to access the resource.
2024-12-17 10:29:49.339 +08:00 [INF] Executing endpoint 'IdentityService.WebAPI.Controllers.Login.LoginController.CreateWorld (IdentityService.WebAPI)'
2024-12-17 10:29:49.340 +08:00 [INF] Route matched with {action = "CreateWorld", controller = "Login"}. Executing controller action with signature System.Threading.Tasks.Task`1[Microsoft.AspNetCore.Mvc.ActionResult] CreateWorld() on controller IdentityService.WebAPI.Controllers.Login.LoginController (IdentityService.WebAPI).
2024-12-17 10:29:49.499 +08:00 [INF] Executing action method IdentityService.WebAPI.Controllers.Login.LoginController.CreateWorld (IdentityService.WebAPI) - Validation state: "Valid"
2024-12-17 10:29:50.148 +08:00 [INF] Executed DbCommand (38ms) [Parameters=[@__normalizedUserName_0='?' (Size = 256)], CommandType='"Text"', CommandTimeout='30']
SELECT `t`.`Id`, `t`.`AccessFailedCount`, `t`.`ConcurrencyStamp`, `t`.`CreationTime`, `t`.`DeletionTime`, `t`.`Email`, `t`.`EmailConfirmed`, `t`.`IsDeleted`, `t`.`LockoutEnabled`, `t`.`LockoutEnd`, `t`.`NormalizedEmail`, `t`.`NormalizedUserName`, `t`.`PasswordHash`, `t`.`PhoneNumber`, `t`.`PhoneNumberConfirmed`, `t`.`SecurityStamp`, `t`.`TwoFactorEnabled`, `t`.`UserName`
FROM `T_Users` AS `t`
WHERE NOT (`t`.`IsDeleted`) AND (`t`.`NormalizedUserName` = @__normalizedUserName_0)
LIMIT 1
2024-12-17 10:29:50.212 +08:00 [INF] Executed DbCommand (1ms) [Parameters=[@__normalizedUserName_0='?' (Size = 256)], CommandType='"Text"', CommandTimeout='30']
SELECT `t`.`Id`, `t`.`AccessFailedCount`, `t`.`ConcurrencyStamp`, `t`.`CreationTime`, `t`.`DeletionTime`, `t`.`Email`, `t`.`EmailConfirmed`, `t`.`IsDeleted`, `t`.`LockoutEnabled`, `t`.`LockoutEnd`, `t`.`NormalizedEmail`, `t`.`NormalizedUserName`, `t`.`PasswordHash`, `t`.`PhoneNumber`, `t`.`PhoneNumberConfirmed`, `t`.`SecurityStamp`, `t`.`TwoFactorEnabled`, `t`.`UserName`
FROM `T_Users` AS `t`
WHERE NOT (`t`.`IsDeleted`) AND (`t`.`NormalizedUserName` = @__normalizedUserName_0)
LIMIT 1
2024-12-17 10:29:50.359 +08:00 [INF] Executed DbCommand (3ms) [Parameters=[@p0='?' (DbType = Guid), @p1='?' (DbType = Int32), @p2='?' (Size = 4000), @p3='?' (DbType = DateTime), @p4='?' (DbType = DateTime), @p5='?' (Size = 256), @p6='?' (DbType = Boolean), @p7='?' (DbType = Boolean), @p8='?' (DbType = Boolean), @p9='?' (DbType = DateTimeOffset), @p10='?' (Size = 256), @p11='?' (Size = 256), @p12='?' (Size = 4000), @p13='?' (Size = 4000), @p14='?' (DbType = Boolean), @p15='?' (Size = 4000), @p16='?' (DbType = Boolean), @p17='?' (Size = 256)], CommandType='"Text"', CommandTimeout='30']
SET AUTOCOMMIT = 1;
INSERT INTO `T_Users` (`Id`, `AccessFailedCount`, `ConcurrencyStamp`, `CreationTime`, `DeletionTime`, `Email`, `EmailConfirmed`, `IsDeleted`, `LockoutEnabled`, `LockoutEnd`, `NormalizedEmail`, `NormalizedUserName`, `PasswordHash`, `PhoneNumber`, `PhoneNumberConfirmed`, `SecurityStamp`, `TwoFactorEnabled`, `UserName`)
VALUES (@p0, @p1, @p2, @p3, @p4, @p5, @p6, @p7, @p8, @p9, @p10, @p11, @p12, @p13, @p14, @p15, @p16, @p17);
2024-12-17 10:29:50.375 +08:00 [INF] Executed DbCommand (1ms) [Parameters=[@__normalizedUserName_0='?' (Size = 256)], CommandType='"Text"', CommandTimeout='30']
SELECT `t`.`Id`, `t`.`AccessFailedCount`, `t`.`ConcurrencyStamp`, `t`.`CreationTime`, `t`.`DeletionTime`, `t`.`Email`, `t`.`EmailConfirmed`, `t`.`IsDeleted`, `t`.`LockoutEnabled`, `t`.`LockoutEnd`, `t`.`NormalizedEmail`, `t`.`NormalizedUserName`, `t`.`PasswordHash`, `t`.`PhoneNumber`, `t`.`PhoneNumberConfirmed`, `t`.`SecurityStamp`, `t`.`TwoFactorEnabled`, `t`.`UserName`
FROM `T_Users` AS `t`
WHERE NOT (`t`.`IsDeleted`) AND (`t`.`NormalizedUserName` = @__normalizedUserName_0)
LIMIT 1
2024-12-17 10:29:50.394 +08:00 [INF] Executed DbCommand (3ms) [Parameters=[@p17='?' (DbType = Guid), @p0='?' (DbType = Int32), @p1='?' (Size = 4000), @p18='?' (Size = 4000), @p2='?' (DbType = DateTime), @p3='?' (DbType = DateTime), @p4='?' (Size = 256), @p5='?' (DbType = Boolean), @p6='?' (DbType = Boolean), @p7='?' (DbType = Boolean), @p8='?' (DbType = DateTimeOffset), @p9='?' (Size = 256), @p10='?' (Size = 256), @p11='?' (Size = 4000), @p12='?' (Size = 4000), @p13='?' (DbType = Boolean), @p14='?' (Size = 4000), @p15='?' (DbType = Boolean), @p16='?' (Size = 256)], CommandType='"Text"', CommandTimeout='30']
SET AUTOCOMMIT = 1;
UPDATE `T_Users` SET `AccessFailedCount` = @p0, `ConcurrencyStamp` = @p1, `CreationTime` = @p2, `DeletionTime` = @p3, `Email` = @p4, `EmailConfirmed` = @p5, `IsDeleted` = @p6, `LockoutEnabled` = @p7, `LockoutEnd` = @p8, `NormalizedEmail` = @p9, `NormalizedUserName` = @p10, `PasswordHash` = @p11, `PhoneNumber` = @p12, `PhoneNumberConfirmed` = @p13, `SecurityStamp` = @p14, `TwoFactorEnabled` = @p15, `UserName` = @p16
WHERE `Id` = @p17 AND `ConcurrencyStamp` = @p18;
SELECT ROW_COUNT();
2024-12-17 10:29:50.402 +08:00 [INF] Executed DbCommand (0ms) [Parameters=[@__id_0='?' (DbType = Guid)], CommandType='"Text"', CommandTimeout='30']
SELECT `t`.`Id`, `t`.`AccessFailedCount`, `t`.`ConcurrencyStamp`, `t`.`CreationTime`, `t`.`DeletionTime`, `t`.`Email`, `t`.`EmailConfirmed`, `t`.`IsDeleted`, `t`.`LockoutEnabled`, `t`.`LockoutEnd`, `t`.`NormalizedEmail`, `t`.`NormalizedUserName`, `t`.`PasswordHash`, `t`.`PhoneNumber`, `t`.`PhoneNumberConfirmed`, `t`.`SecurityStamp`, `t`.`TwoFactorEnabled`, `t`.`UserName`
FROM `T_Users` AS `t`
WHERE NOT (`t`.`IsDeleted`) AND (`t`.`Id` = @__id_0)
LIMIT 1
2024-12-17 10:29:50.403 +08:00 [INF] Executed DbCommand (0ms) [Parameters=[@__normalizedUserName_0='?' (Size = 256)], CommandType='"Text"', CommandTimeout='30']
SELECT `t`.`Id`, `t`.`AccessFailedCount`, `t`.`ConcurrencyStamp`, `t`.`CreationTime`, `t`.`DeletionTime`, `t`.`Email`, `t`.`EmailConfirmed`, `t`.`IsDeleted`, `t`.`LockoutEnabled`, `t`.`LockoutEnd`, `t`.`NormalizedEmail`, `t`.`NormalizedUserName`, `t`.`PasswordHash`, `t`.`PhoneNumber`, `t`.`PhoneNumberConfirmed`, `t`.`SecurityStamp`, `t`.`TwoFactorEnabled`, `t`.`UserName`
FROM `T_Users` AS `t`
WHERE NOT (`t`.`IsDeleted`) AND (`t`.`NormalizedUserName` = @__normalizedUserName_0)
LIMIT 1
2024-12-17 10:29:50.405 +08:00 [INF] Executed DbCommand (1ms) [Parameters=[@p17='?' (DbType = Guid), @p0='?' (DbType = Int32), @p1='?' (Size = 4000), @p18='?' (Size = 4000), @p2='?' (DbType = DateTime), @p3='?' (DbType = DateTime), @p4='?' (Size = 256), @p5='?' (DbType = Boolean), @p6='?' (DbType = Boolean), @p7='?' (DbType = Boolean), @p8='?' (DbType = DateTimeOffset), @p9='?' (Size = 256), @p10='?' (Size = 256), @p11='?' (Size = 4000), @p12='?' (Size = 4000), @p13='?' (DbType = Boolean), @p14='?' (Size = 4000), @p15='?' (DbType = Boolean), @p16='?' (Size = 256)], CommandType='"Text"', CommandTimeout='30']
SET AUTOCOMMIT = 1;
UPDATE `T_Users` SET `AccessFailedCount` = @p0, `ConcurrencyStamp` = @p1, `CreationTime` = @p2, `DeletionTime` = @p3, `Email` = @p4, `EmailConfirmed` = @p5, `IsDeleted` = @p6, `LockoutEnabled` = @p7, `LockoutEnd` = @p8, `NormalizedEmail` = @p9, `NormalizedUserName` = @p10, `PasswordHash` = @p11, `PhoneNumber` = @p12, `PhoneNumberConfirmed` = @p13, `SecurityStamp` = @p14, `TwoFactorEnabled` = @p15, `UserName` = @p16
WHERE `Id` = @p17 AND `ConcurrencyStamp` = @p18;
SELECT ROW_COUNT();
2024-12-17 10:29:50.411 +08:00 [INF] Executed DbCommand (2ms) [Parameters=[@__normalizedName_0='?' (Size = 256)], CommandType='"Text"', CommandTimeout='30']
SELECT `t`.`Id`, `t`.`ConcurrencyStamp`, `t`.`Name`, `t`.`NormalizedName`
FROM `T_Roles` AS `t`
WHERE `t`.`NormalizedName` = @__normalizedName_0
LIMIT 1
2024-12-17 10:29:50.425 +08:00 [INF] Executed DbCommand (1ms) [Parameters=[@p0='?' (DbType = Guid), @p1='?' (Size = 4000), @p2='?' (Size = 256), @p3='?' (Size = 256)], CommandType='"Text"', CommandTimeout='30']
SET AUTOCOMMIT = 1;
INSERT INTO `T_Roles` (`Id`, `ConcurrencyStamp`, `Name`, `NormalizedName`)
VALUES (@p0, @p1, @p2, @p3);
2024-12-17 10:29:50.431 +08:00 [INF] Executed DbCommand (0ms) [Parameters=[@__normalizedRoleName_0='?' (Size = 256)], CommandType='"Text"', CommandTimeout='30']
SELECT `t`.`Id`, `t`.`ConcurrencyStamp`, `t`.`Name`, `t`.`NormalizedName`
FROM `T_Roles` AS `t`
WHERE `t`.`NormalizedName` = @__normalizedRoleName_0
LIMIT 2
2024-12-17 10:29:50.453 +08:00 [INF] Executed DbCommand (1ms) [Parameters=[@__get_Item_0='?' (DbType = Guid), @__get_Item_1='?' (DbType = Guid)], CommandType='"Text"', CommandTimeout='30']
SELECT `a`.`UserId`, `a`.`RoleId`
FROM `AspNetUserRoles` AS `a`
WHERE (`a`.`UserId` = @__get_Item_0) AND (`a`.`RoleId` = @__get_Item_1)
LIMIT 1
2024-12-17 10:29:50.456 +08:00 [INF] Executed DbCommand (0ms) [Parameters=[@__normalizedRoleName_0='?' (Size = 256)], CommandType='"Text"', CommandTimeout='30']
SELECT `t`.`Id`, `t`.`ConcurrencyStamp`, `t`.`Name`, `t`.`NormalizedName`
FROM `T_Roles` AS `t`
WHERE `t`.`NormalizedName` = @__normalizedRoleName_0
LIMIT 2
2024-12-17 10:29:50.467 +08:00 [INF] Executed DbCommand (0ms) [Parameters=[@__normalizedUserName_0='?' (Size = 256)], CommandType='"Text"', CommandTimeout='30']
SELECT `t`.`Id`, `t`.`AccessFailedCount`, `t`.`ConcurrencyStamp`, `t`.`CreationTime`, `t`.`DeletionTime`, `t`.`Email`, `t`.`EmailConfirmed`, `t`.`IsDeleted`, `t`.`LockoutEnabled`, `t`.`LockoutEnd`, `t`.`NormalizedEmail`, `t`.`NormalizedUserName`, `t`.`PasswordHash`, `t`.`PhoneNumber`, `t`.`PhoneNumberConfirmed`, `t`.`SecurityStamp`, `t`.`TwoFactorEnabled`, `t`.`UserName`
FROM `T_Users` AS `t`
WHERE NOT (`t`.`IsDeleted`) AND (`t`.`NormalizedUserName` = @__normalizedUserName_0)
LIMIT 1
2024-12-17 10:29:50.485 +08:00 [INF] Executed DbCommand (1ms) [Parameters=[@p0='?' (DbType = Guid), @p1='?' (DbType = Guid), @p19='?' (DbType = Guid), @p2='?' (DbType = Int32), @p3='?' (Size = 4000), @p20='?' (Size = 4000), @p4='?' (DbType = DateTime), @p5='?' (DbType = DateTime), @p6='?' (Size = 256), @p7='?' (DbType = Boolean), @p8='?' (DbType = Boolean), @p9='?' (DbType = Boolean), @p10='?' (DbType = DateTimeOffset), @p11='?' (Size = 256), @p12='?' (Size = 256), @p13='?' (Size = 4000), @p14='?' (Size = 4000), @p15='?' (DbType = Boolean), @p16='?' (Size = 4000), @p17='?' (DbType = Boolean), @p18='?' (Size = 256)], CommandType='"Text"', CommandTimeout='30']
INSERT INTO `AspNetUserRoles` (`RoleId`, `UserId`)
VALUES (@p0, @p1);
UPDATE `T_Users` SET `AccessFailedCount` = @p2, `ConcurrencyStamp` = @p3, `CreationTime` = @p4, `DeletionTime` = @p5, `Email` = @p6, `EmailConfirmed` = @p7, `IsDeleted` = @p8, `LockoutEnabled` = @p9, `LockoutEnd` = @p10, `NormalizedEmail` = @p11, `NormalizedUserName` = @p12, `PasswordHash` = @p13, `PhoneNumber` = @p14, `PhoneNumberConfirmed` = @p15, `SecurityStamp` = @p16, `TwoFactorEnabled` = @p17, `UserName` = @p18
WHERE `Id` = @p19 AND `ConcurrencyStamp` = @p20;
SELECT ROW_COUNT();
2024-12-17 10:29:50.491 +08:00 [INF] Executed DbCommand (0ms) [Parameters=[@__normalizedName_0='?' (Size = 256)], CommandType='"Text"', CommandTimeout='30']
SELECT `t`.`Id`, `t`.`ConcurrencyStamp`, `t`.`Name`, `t`.`NormalizedName`
FROM `T_Roles` AS `t`
WHERE `t`.`NormalizedName` = @__normalizedName_0
LIMIT 1
2024-12-17 10:29:50.494 +08:00 [INF] Executed DbCommand (1ms) [Parameters=[@p0='?' (DbType = Guid), @p1='?' (Size = 4000), @p2='?' (Size = 256), @p3='?' (Size = 256)], CommandType='"Text"', CommandTimeout='30']
SET AUTOCOMMIT = 1;
INSERT INTO `T_Roles` (`Id`, `ConcurrencyStamp`, `Name`, `NormalizedName`)
VALUES (@p0, @p1, @p2, @p3);
2024-12-17 10:29:50.495 +08:00 [INF] Executed DbCommand (0ms) [Parameters=[@__normalizedRoleName_0='?' (Size = 256)], CommandType='"Text"', CommandTimeout='30']
SELECT `t`.`Id`, `t`.`ConcurrencyStamp`, `t`.`Name`, `t`.`NormalizedName`
FROM `T_Roles` AS `t`
WHERE `t`.`NormalizedName` = @__normalizedRoleName_0
LIMIT 2
2024-12-17 10:29:50.496 +08:00 [INF] Executed DbCommand (0ms) [Parameters=[@__get_Item_0='?' (DbType = Guid), @__get_Item_1='?' (DbType = Guid)], CommandType='"Text"', CommandTimeout='30']
SELECT `a`.`UserId`, `a`.`RoleId`
FROM `AspNetUserRoles` AS `a`
WHERE (`a`.`UserId` = @__get_Item_0) AND (`a`.`RoleId` = @__get_Item_1)
LIMIT 1
2024-12-17 10:29:50.497 +08:00 [INF] Executed DbCommand (0ms) [Parameters=[@__normalizedRoleName_0='?' (Size = 256)], CommandType='"Text"', CommandTimeout='30']
SELECT `t`.`Id`, `t`.`ConcurrencyStamp`, `t`.`Name`, `t`.`NormalizedName`
FROM `T_Roles` AS `t`
WHERE `t`.`NormalizedName` = @__normalizedRoleName_0
LIMIT 2
2024-12-17 10:29:50.498 +08:00 [INF] Executed DbCommand (0ms) [Parameters=[@__normalizedUserName_0='?' (Size = 256)], CommandType='"Text"', CommandTimeout='30']
SELECT `t`.`Id`, `t`.`AccessFailedCount`, `t`.`ConcurrencyStamp`, `t`.`CreationTime`, `t`.`DeletionTime`, `t`.`Email`, `t`.`EmailConfirmed`, `t`.`IsDeleted`, `t`.`LockoutEnabled`, `t`.`LockoutEnd`, `t`.`NormalizedEmail`, `t`.`NormalizedUserName`, `t`.`PasswordHash`, `t`.`PhoneNumber`, `t`.`PhoneNumberConfirmed`, `t`.`SecurityStamp`, `t`.`TwoFactorEnabled`, `t`.`UserName`
FROM `T_Users` AS `t`
WHERE NOT (`t`.`IsDeleted`) AND (`t`.`NormalizedUserName` = @__normalizedUserName_0)
LIMIT 1
2024-12-17 10:29:50.499 +08:00 [INF] Executed DbCommand (0ms) [Parameters=[@p0='?' (DbType = Guid), @p1='?' (DbType = Guid), @p19='?' (DbType = Guid), @p2='?' (DbType = Int32), @p3='?' (Size = 4000), @p20='?' (Size = 4000), @p4='?' (DbType = DateTime), @p5='?' (DbType = DateTime), @p6='?' (Size = 256), @p7='?' (DbType = Boolean), @p8='?' (DbType = Boolean), @p9='?' (DbType = Boolean), @p10='?' (DbType = DateTimeOffset), @p11='?' (Size = 256), @p12='?' (Size = 256), @p13='?' (Size = 4000), @p14='?' (Size = 4000), @p15='?' (DbType = Boolean), @p16='?' (Size = 4000), @p17='?' (DbType = Boolean), @p18='?' (Size = 256)], CommandType='"Text"', CommandTimeout='30']
INSERT INTO `AspNetUserRoles` (`RoleId`, `UserId`)
VALUES (@p0, @p1);
UPDATE `T_Users` SET `AccessFailedCount` = @p2, `ConcurrencyStamp` = @p3, `CreationTime` = @p4, `DeletionTime` = @p5, `Email` = @p6, `EmailConfirmed` = @p7, `IsDeleted` = @p8, `LockoutEnabled` = @p9, `LockoutEnd` = @p10, `NormalizedEmail` = @p11, `NormalizedUserName` = @p12, `PasswordHash` = @p13, `PhoneNumber` = @p14, `PhoneNumberConfirmed` = @p15, `SecurityStamp` = @p16, `TwoFactorEnabled` = @p17, `UserName` = @p18
WHERE `Id` = @p19 AND `ConcurrencyStamp` = @p20;
SELECT ROW_COUNT();
2024-12-17 10:29:50.504 +08:00 [INF] Executed action method IdentityService.WebAPI.Controllers.Login.LoginController.CreateWorld (IdentityService.WebAPI), returned result Microsoft.AspNetCore.Mvc.OkResult in 1001.1767ms.
2024-12-17 10:29:50.511 +08:00 [INF] Executing StatusCodeResult, setting HTTP status code 200
2024-12-17 10:29:50.512 +08:00 [INF] Executed action IdentityService.WebAPI.Controllers.Login.LoginController.CreateWorld (IdentityService.WebAPI) in 1172.0756ms
2024-12-17 10:29:50.512 +08:00 [INF] Executed endpoint 'IdentityService.WebAPI.Controllers.Login.LoginController.CreateWorld (IdentityService.WebAPI)'
2024-12-17 10:29:50.522 +08:00 [INF] Request finished HTTP/2 POST https://localhost:5001/Login/CreateWorld - 200 0 null 1189.9636ms
2024-12-17 10:31:03.736 +08:00 [INF] Request starting HTTP/2 GET https://localhost:5001/swagger/index.html - null null
2024-12-17 10:31:03.738 +08:00 [INF] Request finished HTTP/2 GET https://localhost:5001/swagger/index.html - 200 null text/html;charset=utf-8 2.5535ms
2024-12-17 10:31:03.872 +08:00 [INF] Request starting HTTP/2 GET https://localhost:5001/swagger/v1/swagger.json - null null
2024-12-17 10:31:03.878 +08:00 [INF] Request finished HTTP/2 GET https://localhost:5001/swagger/v1/swagger.json - 200 null application/json;charset=utf-8 6.2616ms
2024-12-17 10:36:47.604 +08:00 [INF] Request starting HTTP/2 POST https://localhost:5001/Login/CreateWorld - null 0
2024-12-17 10:36:47.606 +08:00 [INF] CORS policy execution failed.
2024-12-17 10:36:47.606 +08:00 [INF] Request origin https://localhost:5001 does not have permission to access the resource.
2024-12-17 10:36:47.608 +08:00 [INF] Executing endpoint 'IdentityService.WebAPI.Controllers.Login.LoginController.CreateWorld (IdentityService.WebAPI)'
2024-12-17 10:36:47.609 +08:00 [INF] Route matched with {action = "CreateWorld", controller = "Login"}. Executing controller action with signature System.Threading.Tasks.Task`1[Microsoft.AspNetCore.Mvc.ActionResult] CreateWorld() on controller IdentityService.WebAPI.Controllers.Login.LoginController (IdentityService.WebAPI).
2024-12-17 10:36:47.652 +08:00 [INF] Executing action method IdentityService.WebAPI.Controllers.Login.LoginController.CreateWorld (IdentityService.WebAPI) - Validation state: "Valid"
2024-12-17 10:36:47.701 +08:00 [INF] Executed DbCommand (1ms) [Parameters=[@__normalizedUserName_0='?' (Size = 256)], CommandType='"Text"', CommandTimeout='30']
SELECT `t`.`Id`, `t`.`AccessFailedCount`, `t`.`ConcurrencyStamp`, `t`.`CreationTime`, `t`.`DeletionTime`, `t`.`Email`, `t`.`EmailConfirmed`, `t`.`IsDeleted`, `t`.`LockoutEnabled`, `t`.`LockoutEnd`, `t`.`NormalizedEmail`, `t`.`NormalizedUserName`, `t`.`PasswordHash`, `t`.`PhoneNumber`, `t`.`PhoneNumberConfirmed`, `t`.`SecurityStamp`, `t`.`TwoFactorEnabled`, `t`.`UserName`
FROM `T_Users` AS `t`
WHERE NOT (`t`.`IsDeleted`) AND (`t`.`NormalizedUserName` = @__normalizedUserName_0)
LIMIT 1
2024-12-17 10:36:47.705 +08:00 [INF] Executed action method IdentityService.WebAPI.Controllers.Login.LoginController.CreateWorld (IdentityService.WebAPI), returned result Microsoft.AspNetCore.Mvc.ObjectResult in 52.7175ms.
2024-12-17 10:36:47.707 +08:00 [INF] Executing ObjectResult, writing value of type 'System.String'.
2024-12-17 10:36:47.707 +08:00 [INF] Executed action IdentityService.WebAPI.Controllers.Login.LoginController.CreateWorld (IdentityService.WebAPI) in 98.8023ms
2024-12-17 10:36:47.708 +08:00 [INF] Executed endpoint 'IdentityService.WebAPI.Controllers.Login.LoginController.CreateWorld (IdentityService.WebAPI)'
2024-12-17 10:36:47.708 +08:00 [INF] Request finished HTTP/2 POST https://localhost:5001/Login/CreateWorld - 409 null text/plain; charset=utf-8 103.3406ms
2024-12-17 10:42:17.449 +08:00 [INF] Request starting HTTP/2 GET https://localhost:5001/Login/GetUserInfo - null null
2024-12-17 10:42:17.460 +08:00 [INF] Authorization failed. These requirements were not met:
DenyAnonymousAuthorizationRequirement: Requires an authenticated user.
2024-12-17 10:42:17.466 +08:00 [INF] AuthenticationScheme: Bearer was challenged.
2024-12-17 10:42:17.466 +08:00 [INF] Request finished HTTP/2 GET https://localhost:5001/Login/GetUserInfo - 401 0 null 16.7462ms
2024-12-17 10:43:51.579 +08:00 [INF] Application is shutting down...
2024-12-17 11:08:05.669 +08:00 [INF] User profile is available. Using '/Users/zhengtianxiang/.aspnet/DataProtection-Keys' as key repository; keys will not be encrypted at rest.
2024-12-17 11:08:06.034 +08:00 [INF] Now listening on: https://localhost:5001
2024-12-17 11:08:06.035 +08:00 [INF] Now listening on: http://localhost:5000
2024-12-17 11:08:06.037 +08:00 [INF] Application started. Press Ctrl+C to shut down.
2024-12-17 11:08:06.038 +08:00 [INF] Hosting environment: Development
2024-12-17 11:08:06.038 +08:00 [INF] Content root path: /Users/zhengtianxiang/Documents/Study/Tech/dotnet/project/study-English/IdentityService.WebAPI
2024-12-17 11:08:06.273 +08:00 [INF] Request starting HTTP/2 GET https://localhost:5001/swagger/index.html - null null
2024-12-17 11:08:06.362 +08:00 [INF] Request finished HTTP/2 GET https://localhost:5001/swagger/index.html - 200 null text/html;charset=utf-8 89.2713ms
2024-12-17 11:08:06.486 +08:00 [INF] Request starting HTTP/2 GET https://localhost:5001/swagger/v1/swagger.json - null null
2024-12-17 11:08:06.679 +08:00 [INF] Request finished HTTP/2 GET https://localhost:5001/swagger/v1/swagger.json - 200 null application/json;charset=utf-8 192.8981ms
2024-12-17 11:08:13.809 +08:00 [INF] Application is shutting down...
